inputs: ba77372cf50f348dd0cd583280b9cefe6e0d7e16563adae32d2e327eb886d520 7ca4c5c6f3337637d3a67118bea273bd4076a42f6b97373cb01f5a3af07a99b9 936a262061c914694dfd669a543be24573c45d5aa0ff20a8b96b23d01e050e88
TLC2 Version 2.19 of 08 August 2024 (rev: 5a47802)
Running breadth-first search Model-Checking with fp 15 and seed 1955577492622602027 with 1 worker on 16 cores with 7282MB heap and 64MB offheap memory [pid: 91099] (Linux 7.0.0-34-generic amd64, Ubuntu 21.0.12.1 x86_64, MSBDiskFPSet, DiskStateQueue).
Parsing file /home/constantine/Programming/Constantine/Projects/PhD_verification/dag-multichain-tla/spec/DagTransfer.tla
Parsing file /home/constantine/Programming/Constantine/Projects/PhD_verification/dag-multichain-tla/spec/states/tr_multi_gu.tmp/Integers.tla
Parsing file /home/constantine/Programming/Constantine/Projects/PhD_verification/dag-multichain-tla/spec/states/tr_multi_gu.tmp/FiniteSets.tla
Parsing file /home/constantine/Programming/Constantine/Projects/PhD_verification/dag-multichain-tla/spec/states/tr_multi_gu.tmp/Sequences.tla
Parsing file /home/constantine/Programming/Constantine/Projects/PhD_verification/dag-multichain-tla/spec/states/tr_multi_gu.tmp/TLC.tla
Parsing file /home/constantine/Programming/Constantine/Projects/PhD_verification/dag-multichain-tla/spec/states/tr_multi_gu.tmp/Naturals.tla
Semantic processing of module Naturals
Semantic processing of module Integers
Semantic processing of module Sequences
Semantic processing of module FiniteSets
Semantic processing of module TLC
Semantic processing of module DagTransfer
Starting... (2026-10-09 16:21:39)
Computing initial states...
Finished computing initial states: 1 distinct state generated at 2026-10-09 16:21:40.
Error: Invariant ProvenanceContained is violated.
Error: The behavior up to this point is:
State 1: <Initial predicate>
/\ origin = <<0, 0, 0>>
/\ txs = 0
/\ endAt = <<0, 0, 0>>
/\ c0 = 1
/\ comp = {1, 2}
/\ forged = 0
/\ start = <<0, 0, 0>>
/\ out = <<0, 0, 0>>
/\ pos = <<0, 0, 0>>
/\ req = <<0, 0, 0>>
/\ rt = <<<<>>, <<>>, <<>>>>
/\ target = <<0, 0, 0>>
/\ fic = <<0, 0, 0>>
/\ path = <<<<3>>, <<5>>, <<>>>>
/\ forgedAgg = <<{}, {}, {}, {}, {}>>
/\ commits = <<{}, {}, {}, {}, {}>>

State 2: <Next line 343, col 8 to line 343, col 65 of module DagTransfer>
/\ origin = <<0, 0, 0>>
/\ txs = 0
/\ endAt = <<0, 0, 0>>
/\ c0 = 1
/\ comp = {1, 2}
/\ forged = 1
/\ start = <<0, 0, 4>>
/\ out = <<0, 0, 3>>
/\ pos = <<0, 0, 1>>
/\ req = <<0, 0, 3>>
/\ rt = <<<<>>, <<>>, <<4, 3>>>>
/\ target = <<0, 0, 3>>
/\ fic = <<0, 0, 1>>
/\ path = <<<<3>>, <<5>>, <<4>>>>
/\ forgedAgg = << {[f |-> 4, t |-> 3, u |-> 3, len |-> 1]},
   {[f |-> 4, t |-> 3, u |-> 3, len |-> 1]},
   {},
   {},
   {} >>
/\ commits = <<{}, {}, {}, {}, {}>>

State 3: <Credit line 243, col 5 to line 257, col 83 of module DagTransfer>
/\ origin = <<0, 0, 3>>
/\ txs = 0
/\ endAt = <<0, 0, 3>>
/\ c0 = 1
/\ comp = {1, 2}
/\ forged = 1
/\ start = <<0, 0, 4>>
/\ out = <<0, 0, 0>>
/\ pos = <<0, 0, 2>>
/\ req = <<0, 0, 3>>
/\ rt = <<<<>>, <<>>, <<4, 3>>>>
/\ target = <<0, 0, 0>>
/\ fic = <<0, 0, 1>>
/\ path = <<<<3>>, <<5>>, <<4, 3>>>>
/\ forgedAgg = << {[f |-> 4, t |-> 3, u |-> 3, len |-> 1]},
   {[f |-> 4, t |-> 3, u |-> 3, len |-> 1]},
   {},
   {},
   {} >>
/\ commits = <<{}, {}, {}, {}, {}>>

68 states generated, 46 distinct states found, 37 states left on queue.
The depth of the complete state graph search is 3.
The average outdegree of the complete state graph is 6 (minimum is 0, the maximum 12 and the 95th percentile is 12).
Finished in 00s at (2026-10-09 16:21:40)
