TLC2 Version 2.19 of 08 August 2024 (rev: 5a47802)
Running breadth-first search Model-Checking with fp 54 and seed -3896512497448036441 with 1 worker on 16 cores with 7282MB heap and 64MB offheap memory [pid: 61140] (Linux 7.0.0-34-generic amd64, Ubuntu 21.0.12.1 x86_64, MSBDiskFPSet, DiskStateQueue).
Parsing file /home/constantine/Programming/Constantine/Projects/PhD_verification/dag-multichain-tla/spec/DagTransfer.tla
Parsing file /home/constantine/Programming/Constantine/Projects/PhD_verification/dag-multichain-tla/spec/states/tr_obs_on.tmp/Integers.tla
Parsing file /home/constantine/Programming/Constantine/Projects/PhD_verification/dag-multichain-tla/spec/states/tr_obs_on.tmp/FiniteSets.tla
Parsing file /home/constantine/Programming/Constantine/Projects/PhD_verification/dag-multichain-tla/spec/states/tr_obs_on.tmp/Sequences.tla
Parsing file /home/constantine/Programming/Constantine/Projects/PhD_verification/dag-multichain-tla/spec/states/tr_obs_on.tmp/TLC.tla
Parsing file /home/constantine/Programming/Constantine/Projects/PhD_verification/dag-multichain-tla/spec/states/tr_obs_on.tmp/Naturals.tla
Semantic processing of module Naturals
Semantic processing of module Integers
Semantic processing of module Sequences
Semantic processing of module FiniteSets
Semantic processing of module TLC
Semantic processing of module DagTransfer
Starting... (2026-10-09 15:22:56)
Computing initial states...
Finished computing initial states: 1 distinct state generated at 2026-10-09 15:22:56.
Model checking completed. No error has been found.
  Estimates of the probability that TLC did not check all reachable states
  because two distinct states had the same fingerprint:
  calculated (optimistic):  val = 1.8E-15
362 states generated, 202 distinct states found, 0 states left on queue.
The depth of the complete state graph search is 16.
The average outdegree of the complete state graph is 1 (minimum is 0, the maximum 4 and the 95th percentile is 4).
Finished in 00s at (2026-10-09 15:22:56)
