inputs: ba77372cf50f348dd0cd583280b9cefe6e0d7e16563adae32d2e327eb886d520 380cf3a7b054e802bc539d8db391938a807e608ba2862788693c0f23de1c7f0a 936a262061c914694dfd669a543be24573c45d5aa0ff20a8b96b23d01e050e88
TLC2 Version 2.19 of 08 August 2024 (rev: 5a47802)
Running breadth-first search Model-Checking with fp 72 and seed 3043509680721077662 with 1 worker on 16 cores with 7282MB heap and 64MB offheap memory [pid: 90246] (Linux 7.0.0-34-generic amd64, Ubuntu 21.0.12.1 x86_64, MSBDiskFPSet, DiskStateQueue).
Parsing file /home/constantine/Programming/Constantine/Projects/PhD_verification/dag-multichain-tla/spec/DagTransfer.tla
Parsing file /home/constantine/Programming/Constantine/Projects/PhD_verification/dag-multichain-tla/spec/states/tr_unwind_amd.tmp/Integers.tla
Parsing file /home/constantine/Programming/Constantine/Projects/PhD_verification/dag-multichain-tla/spec/states/tr_unwind_amd.tmp/FiniteSets.tla
Parsing file /home/constantine/Programming/Constantine/Projects/PhD_verification/dag-multichain-tla/spec/states/tr_unwind_amd.tmp/Sequences.tla
Parsing file /home/constantine/Programming/Constantine/Projects/PhD_verification/dag-multichain-tla/spec/states/tr_unwind_amd.tmp/TLC.tla
Parsing file /home/constantine/Programming/Constantine/Projects/PhD_verification/dag-multichain-tla/spec/states/tr_unwind_amd.tmp/Naturals.tla
Semantic processing of module Naturals
Semantic processing of module Integers
Semantic processing of module Sequences
Semantic processing of module FiniteSets
Semantic processing of module TLC
Semantic processing of module DagTransfer
Starting... (2026-10-09 16:19:53)
Implied-temporal checking--satisfiability problem has 1 branches.
Computing initial states...
Finished computing initial states: 1 distinct state generated at 2026-10-09 16:19:53.
Progress(19) at 2026-10-09 16:19:53: 67 states generated, 64 distinct states found, 0 states left on queue.
Checking temporal properties for the complete state space with 64 total distinct states at (2026-10-09 16:19:53)
Finished checking temporal properties in 00s at 2026-10-09 16:19:53
Model checking completed. No error has been found.
  Estimates of the probability that TLC did not check all reachable states
  because two distinct states had the same fingerprint:
  calculated (optimistic):  val = 1.0E-17
67 states generated, 64 distinct states found, 0 states left on queue.
The depth of the complete state graph search is 19.
The average outdegree of the complete state graph is 1 (minimum is 0, the maximum 2 and the 95th percentile is 2).
Finished in 00s at (2026-10-09 16:19:53)
