inputs: ba77372cf50f348dd0cd583280b9cefe6e0d7e16563adae32d2e327eb886d520 884dbfbd6415f23689b9754a2b4a68502f6343714249152b29b713f8ae5614ff 936a262061c914694dfd669a543be24573c45d5aa0ff20a8b96b23d01e050e88
TLC2 Version 2.19 of 08 August 2024 (rev: 5a47802)
Running breadth-first search Model-Checking with fp 100 and seed -5825014490278593869 with 1 worker on 16 cores with 7282MB heap and 64MB offheap memory [pid: 91700] (Linux 7.0.0-34-generic amd64, Ubuntu 21.0.12.1 x86_64, MSBDiskFPSet, DiskStateQueue).
Parsing file /home/constantine/Programming/Constantine/Projects/PhD_verification/dag-multichain-tla/spec/DagTransfer.tla
Parsing file /home/constantine/Programming/Constantine/Projects/PhD_verification/dag-multichain-tla/spec/states/wt_amended_path.tmp/Integers.tla
Parsing file /home/constantine/Programming/Constantine/Projects/PhD_verification/dag-multichain-tla/spec/states/wt_amended_path.tmp/FiniteSets.tla
Parsing file /home/constantine/Programming/Constantine/Projects/PhD_verification/dag-multichain-tla/spec/states/wt_amended_path.tmp/Sequences.tla
Parsing file /home/constantine/Programming/Constantine/Projects/PhD_verification/dag-multichain-tla/spec/states/wt_amended_path.tmp/TLC.tla
Parsing file /home/constantine/Programming/Constantine/Projects/PhD_verification/dag-multichain-tla/spec/states/wt_amended_path.tmp/Naturals.tla
Semantic processing of module Naturals
Semantic processing of module Integers
Semantic processing of module Sequences
Semantic processing of module FiniteSets
Semantic processing of module TLC
Semantic processing of module DagTransfer
Starting... (2026-10-09 16:21:50)
Computing initial states...
Computed 2 initial states...
Computed 4 initial states...
Finished computing initial states: 5 distinct states generated at 2026-10-09 16:21:50.
Error: Invariant NoRefund is violated.
Error: The behavior up to this point is:
State 1: <Initial predicate>
/\ origin = <<0, 0>>
/\ txs = 0
/\ endAt = <<0, 0>>
/\ c0 = 0
/\ comp = {}
/\ forged = 0
/\ start = <<0, 0>>
/\ out = <<0, 0>>
/\ pos = <<0, 0>>
/\ req = <<0, 0>>
/\ rt = <<<<>>, <<>>>>
/\ target = <<0, 0>>
/\ fic = <<0, 0>>
/\ path = <<<<3>>, <<>>>>
/\ forgedAgg = <<{}, {}, {}, {}>>
/\ commits = <<{}, {}, {}, {}>>

State 2: <Start line 204, col 5 to line 213, col 81 of module DagTransfer>
/\ origin = <<0, 0>>
/\ txs = 1
/\ endAt = <<0, 0>>
/\ c0 = 0
/\ comp = {}
/\ forged = 0
/\ start = <<3, 0>>
/\ out = <<0, 0>>
/\ pos = <<1, 0>>
/\ req = <<4, 0>>
/\ rt = <<<<3, 2, 1, 4>>, <<>>>>
/\ target = <<4, 0>>
/\ fic = <<0, 0>>
/\ path = <<<<3>>, <<>>>>
/\ forgedAgg = <<{}, {}, {}, {}>>
/\ commits = <<{}, {}, {}, {}>>

State 3: <SendHop line 216, col 5 to line 222, col 32 of module DagTransfer>
/\ origin = <<0, 0>>
/\ txs = 1
/\ endAt = <<0, 0>>
/\ c0 = 0
/\ comp = {}
/\ forged = 0
/\ start = <<3, 0>>
/\ out = <<2, 0>>
/\ pos = <<1, 0>>
/\ req = <<4, 0>>
/\ rt = <<<<3, 2, 1, 4>>, <<>>>>
/\ target = <<4, 0>>
/\ fic = <<0, 0>>
/\ path = <<<<3>>, <<>>>>
/\ forgedAgg = <<{}, {}, {}, {}>>
/\ commits = <<{}, {}, {[f |-> 3, t |-> 2, u |-> 1, len |-> 1]}, {}>>

State 4: <Reject line 263, col 5 to line 283, col 87 of module DagTransfer>
/\ origin = <<0, 0>>
/\ txs = 1
/\ endAt = <<3, 0>>
/\ c0 = 0
/\ comp = {}
/\ forged = 0
/\ start = <<3, 0>>
/\ out = <<0, 0>>
/\ pos = <<1, 0>>
/\ req = <<4, 0>>
/\ rt = <<<<3, 2, 1, 4>>, <<>>>>
/\ target = <<0, 0>>
/\ fic = <<0, 0>>
/\ path = <<<<3>>, <<>>>>
/\ forgedAgg = <<{}, {}, {}, {}>>
/\ commits = <<{}, {}, {[f |-> 3, t |-> 2, u |-> 1, len |-> 1]}, {}>>

77 states generated, 60 distinct states found, 31 states left on queue.
The depth of the complete state graph search is 4.
The average outdegree of the complete state graph is 2 (minimum is 0, the maximum 6 and the 95th percentile is 6).
Finished in 00s at (2026-10-09 16:21:50)
