inputs: ba77372cf50f348dd0cd583280b9cefe6e0d7e16563adae32d2e327eb886d520 b824e34c0295dfa53ff66666ae2b46e4f4183ce331c66809f88e0e4d2f20a8ae 936a262061c914694dfd669a543be24573c45d5aa0ff20a8b96b23d01e050e88
TLC2 Version 2.19 of 08 August 2024 (rev: 5a47802)
Running breadth-first search Model-Checking with fp 11 and seed -7406673251904137416 with 1 worker on 16 cores with 7282MB heap and 64MB offheap memory [pid: 91652] (Linux 7.0.0-34-generic amd64, Ubuntu 21.0.12.1 x86_64, MSBDiskFPSet, DiskStateQueue).
Parsing file /home/constantine/Programming/Constantine/Projects/PhD_verification/dag-multichain-tla/spec/DagTransfer.tla
Parsing file /home/constantine/Programming/Constantine/Projects/PhD_verification/dag-multichain-tla/spec/states/wt_amended_gu.tmp/Integers.tla
Parsing file /home/constantine/Programming/Constantine/Projects/PhD_verification/dag-multichain-tla/spec/states/wt_amended_gu.tmp/FiniteSets.tla
Parsing file /home/constantine/Programming/Constantine/Projects/PhD_verification/dag-multichain-tla/spec/states/wt_amended_gu.tmp/Sequences.tla
Parsing file /home/constantine/Programming/Constantine/Projects/PhD_verification/dag-multichain-tla/spec/states/wt_amended_gu.tmp/TLC.tla
Parsing file /home/constantine/Programming/Constantine/Projects/PhD_verification/dag-multichain-tla/spec/states/wt_amended_gu.tmp/Naturals.tla
Semantic processing of module Naturals
Semantic processing of module Integers
Semantic processing of module Sequences
Semantic processing of module FiniteSets
Semantic processing of module TLC
Semantic processing of module DagTransfer
Starting... (2026-10-09 16:21:49)
Computing initial states...
Computed 2 initial states...
Computed 4 initial states...
Finished computing initial states: 6 distinct states generated at 2026-10-09 16:21:49.
Error: Invariant NoSiblingDone is violated.
Error: The behavior up to this point is:
State 1: <Initial predicate>
/\ origin = <<0, 0, 0>>
/\ txs = 0
/\ endAt = <<0, 0, 0>>
/\ c0 = 0
/\ comp = {}
/\ forged = 0
/\ start = <<0, 0, 0>>
/\ out = <<0, 0, 0>>
/\ pos = <<0, 0, 0>>
/\ req = <<0, 0, 0>>
/\ rt = <<<<>>, <<>>, <<>>>>
/\ target = <<0, 0, 0>>
/\ fic = <<0, 0, 0>>
/\ path = <<<<3>>, <<5>>, <<>>>>
/\ forgedAgg = <<{}, {}, {}, {}, {}>>
/\ commits = <<{}, {}, {}, {}, {}>>

State 2: <Start line 204, col 5 to line 213, col 81 of module DagTransfer>
/\ origin = <<0, 0, 0>>
/\ txs = 1
/\ endAt = <<0, 0, 0>>
/\ c0 = 0
/\ comp = {}
/\ forged = 0
/\ start = <<3, 0, 0>>
/\ out = <<0, 0, 0>>
/\ pos = <<1, 0, 0>>
/\ req = <<4, 0, 0>>
/\ rt = <<<<3, 1, 4>>, <<>>, <<>>>>
/\ target = <<4, 0, 0>>
/\ fic = <<0, 0, 0>>
/\ path = <<<<3>>, <<5>>, <<>>>>
/\ forgedAgg = <<{}, {}, {}, {}, {}>>
/\ commits = <<{}, {}, {}, {}, {}>>

State 3: <SendHop line 216, col 5 to line 222, col 32 of module DagTransfer>
/\ origin = <<0, 0, 0>>
/\ txs = 1
/\ endAt = <<0, 0, 0>>
/\ c0 = 0
/\ comp = {}
/\ forged = 0
/\ start = <<3, 0, 0>>
/\ out = <<1, 0, 0>>
/\ pos = <<1, 0, 0>>
/\ req = <<4, 0, 0>>
/\ rt = <<<<3, 1, 4>>, <<>>, <<>>>>
/\ target = <<4, 0, 0>>
/\ fic = <<0, 0, 0>>
/\ path = <<<<3>>, <<5>>, <<>>>>
/\ forgedAgg = <<{}, {}, {}, {}, {}>>
/\ commits = <<{}, {}, {[f |-> 3, t |-> 1, u |-> 1, len |-> 1]}, {}, {}>>

State 4: <Credit line 243, col 5 to line 257, col 83 of module DagTransfer>
/\ origin = <<0, 0, 0>>
/\ txs = 1
/\ endAt = <<0, 0, 0>>
/\ c0 = 0
/\ comp = {}
/\ forged = 0
/\ start = <<3, 0, 0>>
/\ out = <<0, 0, 0>>
/\ pos = <<2, 0, 0>>
/\ req = <<4, 0, 0>>
/\ rt = <<<<3, 1, 4>>, <<>>, <<>>>>
/\ target = <<4, 0, 0>>
/\ fic = <<0, 0, 0>>
/\ path = <<<<3, 1>>, <<5>>, <<>>>>
/\ forgedAgg = <<{}, {}, {}, {}, {}>>
/\ commits = <<{}, {}, {[f |-> 3, t |-> 1, u |-> 1, len |-> 1]}, {}, {}>>

State 5: <SendHop line 216, col 5 to line 222, col 32 of module DagTransfer>
/\ origin = <<0, 0, 0>>
/\ txs = 1
/\ endAt = <<0, 0, 0>>
/\ c0 = 0
/\ comp = {}
/\ forged = 0
/\ start = <<3, 0, 0>>
/\ out = <<4, 0, 0>>
/\ pos = <<2, 0, 0>>
/\ req = <<4, 0, 0>>
/\ rt = <<<<3, 1, 4>>, <<>>, <<>>>>
/\ target = <<4, 0, 0>>
/\ fic = <<0, 0, 0>>
/\ path = <<<<3, 1>>, <<5>>, <<>>>>
/\ forgedAgg = <<{}, {}, {}, {}, {}>>
/\ commits = << {[f |-> 1, t |-> 4, u |-> 1, len |-> 2]},
   {},
   {[f |-> 3, t |-> 1, u |-> 1, len |-> 1]},
   {},
   {} >>

State 6: <Credit line 243, col 5 to line 257, col 83 of module DagTransfer>
/\ origin = <<0, 0, 0>>
/\ txs = 1
/\ endAt = <<4, 0, 0>>
/\ c0 = 0
/\ comp = {}
/\ forged = 0
/\ start = <<3, 0, 0>>
/\ out = <<0, 0, 0>>
/\ pos = <<3, 0, 0>>
/\ req = <<4, 0, 0>>
/\ rt = <<<<3, 1, 4>>, <<>>, <<>>>>
/\ target = <<0, 0, 0>>
/\ fic = <<0, 0, 0>>
/\ path = <<<<3, 1, 4>>, <<5>>, <<>>>>
/\ forgedAgg = <<{}, {}, {}, {}, {}>>
/\ commits = << {[f |-> 1, t |-> 4, u |-> 1, len |-> 2]},
   {},
   {[f |-> 3, t |-> 1, u |-> 1, len |-> 1]},
   {},
   {} >>

2134 states generated, 1011 distinct states found, 504 states left on queue.
The depth of the complete state graph search is 6.
The average outdegree of the complete state graph is 2 (minimum is 0, the maximum 12 and the 95th percentile is 10).
Finished in 00s at (2026-10-09 16:21:49)
