inputs: ba77372cf50f348dd0cd583280b9cefe6e0d7e16563adae32d2e327eb886d520 c6b83b1265603c4e95b17020e41191f6f258949babd514980e0733494ddc52fc 936a262061c914694dfd669a543be24573c45d5aa0ff20a8b96b23d01e050e88
TLC2 Version 2.19 of 08 August 2024 (rev: 5a47802)
Running breadth-first search Model-Checking with fp 67 and seed 3432794369229569311 with 1 worker on 16 cores with 7282MB heap and 64MB offheap memory [pid: 91514] (Linux 7.0.0-34-generic amd64, Ubuntu 21.0.12.1 x86_64, MSBDiskFPSet, DiskStateQueue).
Parsing file /home/constantine/Programming/Constantine/Projects/PhD_verification/dag-multichain-tla/spec/DagTransfer.tla
Parsing file /home/constantine/Programming/Constantine/Projects/PhD_verification/dag-multichain-tla/spec/states/wt_obs.tmp/Integers.tla
Parsing file /home/constantine/Programming/Constantine/Projects/PhD_verification/dag-multichain-tla/spec/states/wt_obs.tmp/FiniteSets.tla
Parsing file /home/constantine/Programming/Constantine/Projects/PhD_verification/dag-multichain-tla/spec/states/wt_obs.tmp/Sequences.tla
Parsing file /home/constantine/Programming/Constantine/Projects/PhD_verification/dag-multichain-tla/spec/states/wt_obs.tmp/TLC.tla
Parsing file /home/constantine/Programming/Constantine/Projects/PhD_verification/dag-multichain-tla/spec/states/wt_obs.tmp/Naturals.tla
Semantic processing of module Naturals
Semantic processing of module Integers
Semantic processing of module Sequences
Semantic processing of module FiniteSets
Semantic processing of module TLC
Semantic processing of module DagTransfer
Starting... (2026-10-09 16:21:46)
Computing initial states...
Finished computing initial states: 1 distinct state generated at 2026-10-09 16:21:47.
Error: Invariant NoForgedOnHonest is violated.
Error: The behavior up to this point is:
State 1: <Initial predicate>
/\ origin = <<0, 0>>
/\ txs = 0
/\ endAt = <<0, 0>>
/\ c0 = 3
/\ comp = {3}
/\ forged = 0
/\ start = <<0, 0>>
/\ out = <<0, 0>>
/\ pos = <<0, 0>>
/\ req = <<0, 0>>
/\ rt = <<<<>>, <<>>>>
/\ target = <<0, 0>>
/\ fic = <<0, 0>>
/\ path = <<<<3>>, <<>>>>
/\ forgedAgg = <<{}, {}, {}, {}>>
/\ commits = <<{}, {}, {}, {}>>

State 2: <Next line 343, col 8 to line 343, col 65 of module DagTransfer>
/\ origin = <<0, 0>>
/\ txs = 0
/\ endAt = <<0, 0>>
/\ c0 = 3
/\ comp = {3}
/\ forged = 1
/\ start = <<0, 0>>
/\ out = <<0, 0>>
/\ pos = <<0, 0>>
/\ req = <<0, 0>>
/\ rt = <<<<>>, <<>>>>
/\ target = <<0, 0>>
/\ fic = <<0, 0>>
/\ path = <<<<3>>, <<3>>>>
/\ forgedAgg = <<{}, {}, {}, {}>>
/\ commits = <<{}, {}, {}, {}>>

State 3: <Start line 204, col 5 to line 213, col 81 of module DagTransfer>
/\ origin = <<0, 0>>
/\ txs = 1
/\ endAt = <<0, 0>>
/\ c0 = 3
/\ comp = {3}
/\ forged = 1
/\ start = <<0, 3>>
/\ out = <<0, 0>>
/\ pos = <<0, 1>>
/\ req = <<0, 4>>
/\ rt = <<<<>>, <<3, 2, 1, 4>>>>
/\ target = <<0, 4>>
/\ fic = <<0, 0>>
/\ path = <<<<3>>, <<3>>>>
/\ forgedAgg = <<{}, {}, {}, {}>>
/\ commits = <<{}, {}, {}, {}>>

State 4: <SendHop line 216, col 5 to line 222, col 32 of module DagTransfer>
/\ origin = <<0, 0>>
/\ txs = 1
/\ endAt = <<0, 0>>
/\ c0 = 3
/\ comp = {3}
/\ forged = 1
/\ start = <<0, 3>>
/\ out = <<0, 2>>
/\ pos = <<0, 1>>
/\ req = <<0, 4>>
/\ rt = <<<<>>, <<3, 2, 1, 4>>>>
/\ target = <<0, 4>>
/\ fic = <<0, 0>>
/\ path = <<<<3>>, <<3>>>>
/\ forgedAgg = <<{}, {}, {}, {}>>
/\ commits = <<{}, {}, {[f |-> 3, t |-> 2, u |-> 2, len |-> 1]}, {}>>

State 5: <Credit line 243, col 5 to line 257, col 83 of module DagTransfer>
/\ origin = <<0, 0>>
/\ txs = 1
/\ endAt = <<0, 0>>
/\ c0 = 3
/\ comp = {3}
/\ forged = 1
/\ start = <<0, 3>>
/\ out = <<0, 0>>
/\ pos = <<0, 2>>
/\ req = <<0, 4>>
/\ rt = <<<<>>, <<3, 2, 1, 4>>>>
/\ target = <<0, 4>>
/\ fic = <<0, 0>>
/\ path = <<<<3>>, <<3, 2>>>>
/\ forgedAgg = <<{}, {}, {}, {}>>
/\ commits = <<{}, {}, {[f |-> 3, t |-> 2, u |-> 2, len |-> 1]}, {}>>

49 states generated, 33 distinct states found, 12 states left on queue.
The depth of the complete state graph search is 5.
The average outdegree of the complete state graph is 2 (minimum is 1, the maximum 4 and the 95th percentile is 4).
Finished in 00s at (2026-10-09 16:21:47)
