inputs: ba77372cf50f348dd0cd583280b9cefe6e0d7e16563adae32d2e327eb886d520 e0f9f1e6a524f1fe17b05b07e7e9a70276574399dacacec58786eee6515ffeb0 936a262061c914694dfd669a543be24573c45d5aa0ff20a8b96b23d01e050e88
TLC2 Version 2.19 of 08 August 2024 (rev: 5a47802)
Running breadth-first search Model-Checking with fp 128 and seed 3185282664599497572 with 1 worker on 16 cores with 7282MB heap and 64MB offheap memory [pid: 91334] (Linux 7.0.0-34-generic amd64, Ubuntu 21.0.12.1 x86_64, MSBDiskFPSet, DiskStateQueue).
Parsing file /home/constantine/Programming/Constantine/Projects/PhD_verification/dag-multichain-tla/spec/DagTransfer.tla
Parsing file /home/constantine/Programming/Constantine/Projects/PhD_verification/dag-multichain-tla/spec/states/wt_refund.tmp/Integers.tla
Parsing file /home/constantine/Programming/Constantine/Projects/PhD_verification/dag-multichain-tla/spec/states/wt_refund.tmp/FiniteSets.tla
Parsing file /home/constantine/Programming/Constantine/Projects/PhD_verification/dag-multichain-tla/spec/states/wt_refund.tmp/Sequences.tla
Parsing file /home/constantine/Programming/Constantine/Projects/PhD_verification/dag-multichain-tla/spec/states/wt_refund.tmp/TLC.tla
Parsing file /home/constantine/Programming/Constantine/Projects/PhD_verification/dag-multichain-tla/spec/states/wt_refund.tmp/Naturals.tla
Semantic processing of module Naturals
Semantic processing of module Integers
Semantic processing of module Sequences
Semantic processing of module FiniteSets
Semantic processing of module TLC
Semantic processing of module DagTransfer
Starting... (2026-10-09 16:21:43)
Computing initial states...
Finished computing initial states: 1 distinct state generated at 2026-10-09 16:21:44.
Error: Invariant NoRefund is violated.
Error: The behavior up to this point is:
State 1: <Initial predicate>
/\ origin = <<0, 0>>
/\ txs = 0
/\ endAt = <<0, 0>>
/\ c0 = 0
/\ comp = {}
/\ forged = 0
/\ start = <<0, 0>>
/\ out = <<0, 0>>
/\ pos = <<0, 0>>
/\ req = <<0, 0>>
/\ rt = <<<<>>, <<>>>>
/\ target = <<0, 0>>
/\ fic = <<0, 0>>
/\ path = <<<<3>>, <<>>>>
/\ forgedAgg = <<{}, {}, {}, {}>>
/\ commits = <<{}, {}, {}, {}>>

State 2: <Start line 204, col 5 to line 213, col 81 of module DagTransfer>
/\ origin = <<0, 0>>
/\ txs = 1
/\ endAt = <<0, 0>>
/\ c0 = 0
/\ comp = {}
/\ forged = 0
/\ start = <<3, 0>>
/\ out = <<0, 0>>
/\ pos = <<1, 0>>
/\ req = <<4, 0>>
/\ rt = <<<<3, 2, 1, 4>>, <<>>>>
/\ target = <<4, 0>>
/\ fic = <<0, 0>>
/\ path = <<<<3>>, <<>>>>
/\ forgedAgg = <<{}, {}, {}, {}>>
/\ commits = <<{}, {}, {}, {}>>

State 3: <SendHop line 216, col 5 to line 222, col 32 of module DagTransfer>
/\ origin = <<0, 0>>
/\ txs = 1
/\ endAt = <<0, 0>>
/\ c0 = 0
/\ comp = {}
/\ forged = 0
/\ start = <<3, 0>>
/\ out = <<2, 0>>
/\ pos = <<1, 0>>
/\ req = <<4, 0>>
/\ rt = <<<<3, 2, 1, 4>>, <<>>>>
/\ target = <<4, 0>>
/\ fic = <<0, 0>>
/\ path = <<<<3>>, <<>>>>
/\ forgedAgg = <<{}, {}, {}, {}>>
/\ commits = <<{}, {}, {[f |-> 3, t |-> 2, u |-> 1, len |-> 1]}, {}>>

State 4: <Reject line 263, col 5 to line 283, col 87 of module DagTransfer>
/\ origin = <<0, 0>>
/\ txs = 1
/\ endAt = <<3, 0>>
/\ c0 = 0
/\ comp = {}
/\ forged = 0
/\ start = <<3, 0>>
/\ out = <<0, 0>>
/\ pos = <<1, 0>>
/\ req = <<4, 0>>
/\ rt = <<<<3, 2, 1, 4>>, <<>>>>
/\ target = <<0, 0>>
/\ fic = <<0, 0>>
/\ path = <<<<3>>, <<>>>>
/\ forgedAgg = <<{}, {}, {}, {}>>
/\ commits = <<{}, {}, {[f |-> 3, t |-> 2, u |-> 1, len |-> 1]}, {}>>

5 states generated, 5 distinct states found, 1 states left on queue.
The depth of the complete state graph search is 4.
The average outdegree of the complete state graph is 1 (minimum is 1, the maximum 1 and the 95th percentile is 1).
Finished in 00s at (2026-10-09 16:21:44)
