inputs: ba77372cf50f348dd0cd583280b9cefe6e0d7e16563adae32d2e327eb886d520 232478b771edb66bcf95747d819a8ffc62405245c84f9faac8cf8497d8005e77 936a262061c914694dfd669a543be24573c45d5aa0ff20a8b96b23d01e050e88
TLC2 Version 2.19 of 08 August 2024 (rev: 5a47802)
Running breadth-first search Model-Checking with fp 101 and seed -7159011257879662939 with 1 worker on 16 cores with 7282MB heap and 64MB offheap memory [pid: 91424] (Linux 7.0.0-34-generic amd64, Ubuntu 21.0.12.1 x86_64, MSBDiskFPSet, DiskStateQueue).
Parsing file /home/constantine/Programming/Constantine/Projects/PhD_verification/dag-multichain-tla/spec/DagTransfer.tla
Parsing file /home/constantine/Programming/Constantine/Projects/PhD_verification/dag-multichain-tla/spec/states/wt_tree3.tmp/Integers.tla
Parsing file /home/constantine/Programming/Constantine/Projects/PhD_verification/dag-multichain-tla/spec/states/wt_tree3.tmp/FiniteSets.tla
Parsing file /home/constantine/Programming/Constantine/Projects/PhD_verification/dag-multichain-tla/spec/states/wt_tree3.tmp/Sequences.tla
Parsing file /home/constantine/Programming/Constantine/Projects/PhD_verification/dag-multichain-tla/spec/states/wt_tree3.tmp/TLC.tla
Parsing file /home/constantine/Programming/Constantine/Projects/PhD_verification/dag-multichain-tla/spec/states/wt_tree3.tmp/Naturals.tla
Semantic processing of module Naturals
Semantic processing of module Integers
Semantic processing of module Sequences
Semantic processing of module FiniteSets
Semantic processing of module TLC
Semantic processing of module DagTransfer
Starting... (2026-10-09 16:21:45)
Computing initial states...
Finished computing initial states: 1 distinct state generated at 2026-10-09 16:21:45.
Error: Invariant NoSiblingDone is violated.
Error: The behavior up to this point is:
State 1: <Initial predicate>
/\ origin = <<0, 0, 0, 0>>
/\ txs = 0
/\ endAt = <<0, 0, 0, 0>>
/\ c0 = 0
/\ comp = {}
/\ forged = 0
/\ start = <<0, 0, 0, 0>>
/\ out = <<0, 0, 0, 0>>
/\ pos = <<0, 0, 0, 0>>
/\ req = <<0, 0, 0, 0>>
/\ rt = <<<<>>, <<>>, <<>>, <<>>>>
/\ target = <<0, 0, 0, 0>>
/\ fic = <<0, 0, 0, 0>>
/\ path = <<<<1>>, <<1>>, <<2>>, <<>>>>
/\ forgedAgg = <<{}, {}, {}>>
/\ commits = <<{}, {}, {}>>

State 2: <Start line 204, col 5 to line 213, col 81 of module DagTransfer>
/\ origin = <<0, 0, 0, 0>>
/\ txs = 1
/\ endAt = <<0, 0, 0, 0>>
/\ c0 = 0
/\ comp = {}
/\ forged = 0
/\ start = <<0, 0, 2, 0>>
/\ out = <<0, 0, 0, 0>>
/\ pos = <<0, 0, 1, 0>>
/\ req = <<0, 0, 3, 0>>
/\ rt = <<<<>>, <<>>, <<2, 3>>, <<>>>>
/\ target = <<0, 0, 3, 0>>
/\ fic = <<0, 0, 0, 0>>
/\ path = <<<<1>>, <<1>>, <<2>>, <<>>>>
/\ forgedAgg = <<{}, {}, {}>>
/\ commits = <<{}, {}, {}>>

State 3: <SendHop line 216, col 5 to line 222, col 32 of module DagTransfer>
/\ origin = <<0, 0, 0, 0>>
/\ txs = 1
/\ endAt = <<0, 0, 0, 0>>
/\ c0 = 0
/\ comp = {}
/\ forged = 0
/\ start = <<0, 0, 2, 0>>
/\ out = <<0, 0, 3, 0>>
/\ pos = <<0, 0, 1, 0>>
/\ req = <<0, 0, 3, 0>>
/\ rt = <<<<>>, <<>>, <<2, 3>>, <<>>>>
/\ target = <<0, 0, 3, 0>>
/\ fic = <<0, 0, 0, 0>>
/\ path = <<<<1>>, <<1>>, <<2>>, <<>>>>
/\ forgedAgg = <<{}, {}, {}>>
/\ commits = <<{}, {[f |-> 2, t |-> 3, u |-> 3, len |-> 1]}, {}>>

State 4: <Credit line 243, col 5 to line 257, col 83 of module DagTransfer>
/\ origin = <<0, 0, 0, 0>>
/\ txs = 1
/\ endAt = <<0, 0, 3, 0>>
/\ c0 = 0
/\ comp = {}
/\ forged = 0
/\ start = <<0, 0, 2, 0>>
/\ out = <<0, 0, 0, 0>>
/\ pos = <<0, 0, 2, 0>>
/\ req = <<0, 0, 3, 0>>
/\ rt = <<<<>>, <<>>, <<2, 3>>, <<>>>>
/\ target = <<0, 0, 0, 0>>
/\ fic = <<0, 0, 0, 0>>
/\ path = <<<<1>>, <<1>>, <<2, 3>>, <<>>>>
/\ forgedAgg = <<{}, {}, {}>>
/\ commits = <<{}, {[f |-> 2, t |-> 3, u |-> 3, len |-> 1]}, {}>>

91 states generated, 55 distinct states found, 29 states left on queue.
The depth of the complete state graph search is 4.
The average outdegree of the complete state graph is 2 (minimum is 1, the maximum 6 and the 95th percentile is 5).
Finished in 00s at (2026-10-09 16:21:45)
